[
  {
    "sampleTsUtc": "3600000",
    "granularity": "HOURLY",
    "tagGroup": {
      "tags": {
        "tagKey2": "tagValue"
      }
    },
    "usageAmountStats": {
      "sampleCount": "1",
      "max": 8.0,
      "min": 8.0,
      "avg": 8.0,
      "sum": 8.0
    },
    "currency": 123,
    "costStats": {
      "sampleCount": "1",
      "max": 3.0,
      "min": 3.0,
      "avg": 3.0,
      "sum": 3.0
    }
  },
  {
    "sampleTsUtc": "3600000",
    "granularity": "HOURLY",
    "tagGroup": {
      "tags": {
        "tagKey2": "tagValue",
        "tagKey3": "tagValue"
      }
    },
    "usageAmountStats": {
      "sampleCount": "1",
      "max": 20.0,
      "min": 20.0,
      "avg": 20.0,
      "sum": 20.0
    },
    "currency": 123,
    "costStats": {
      "sampleCount": "1",
      "max": 30.0,
      "min": 30.0,
      "avg": 30.0,
      "sum": 30.0
    }
  }
]