[
  {
    "sampleTsUtc": "3600000",
    "granularity": "HOURLY",
    "tagGroup": {
      "tags": {
        "tagKey": "tagValue1"
      }
    },
    "usageAmountStats": {
      "sampleCount": "2",
      "max": 11.0,
      "min": 5.0,
      "avg": 8.0,
      "sum": 16.0
    },
    "currency": 123,
    "costStats": {
      "sampleCount": "2",
      "max": 6.0,
      "min": 2.0,
      "avg": 4.0,
      "sum": 8.0
    }
  }
]