[
  {
    "sampleTsUtc": "3600000",
    "tagGroup": {
      "tags": {
        "tagKey": "tagValue1"
      }
    },
    "usageAmountStats": {
      "sampleCount": "2",
      "max": 11.0,
      "min": 5.0,
      "avg": 8.0,
      "sum": 16.0
    },
    "currency": 123,
    "costStats": {
      "sampleCount": "2",
      "max": 6.0,
      "min": 2.0,
      "avg": 4.0,
      "sum": 8.0
    }
  },
  {
    "sampleTsUtc": "3600000",
    "tagGroup": {
      "tags": {
        "tagKey": "tagValue2"
      }
    },
    "usageAmountStats": {
      "sampleCount": "1",
      "max": 9.0,
      "min": 9.0,
      "avg": 9.0,
      "sum": 9.0
    },
    "currency": 123,
    "costStats": {
      "sampleCount": "1",
      "max": 10.0,
      "min": 10.0,
      "avg": 10.0,
      "sum": 10.0
    }
  },
  {
    "sampleTsUtc": "3600000",
    "tagGroup": {
      "tags": {
        "tagKey2": "tagValue"
      }
    },
    "usageAmountStats": {
      "sampleCount": "1",
      "max": 8.0,
      "min": 8.0,
      "avg": 8.0,
      "sum": 8.0
    },
    "currency": 123,
    "costStats": {
      "sampleCount": "1",
      "max": 3.0,
      "min": 3.0,
      "avg": 3.0,
      "sum": 3.0
    }
  },
  {
    "sampleTsUtc": "3600000",
    "tagGroup": {
      "tags": {
        "tagKey2": "tagValue",
        "tagKey3": "tagValue"
      }
    },
    "usageAmountStats": {
      "sampleCount": "1",
      "max": 20.0,
      "min": 20.0,
      "avg": 20.0,
      "sum": 20.0
    },
    "currency": 123,
    "costStats": {
      "sampleCount": "1",
      "max": 30.0,
      "min": 30.0,
      "avg": 30.0,
      "sum": 30.0
    }
  }
]